elp

USAGE:
    elp [FLAGS] [COMMAND] [COMMAND_OPTIONS]

FLAGS:
    -h, --help                 Print this help
    --as profile               Rebar3 profile to pickup (default is test)

COMMANDS:
    version                    Print version
    help                       Print this help
    parse-all                  Dump ast for all files in a project for specified rebar.config file
        --project              Path to directory with rebar project
        --to                   Path to a directory where to dump .etf/.beam files
        --offset-positions     Emit positions as {StartByte, EndByte} rather than {Line, Col}
        --module               Only process indicated module(s) (can be repeated)
    eqwalize <module>          Eqwalize specified module
        --project              Path to directory with rebar project, or to a JSON file (defaults to `.`)
        --fast                 Refresh AST information for only the specified module
        --format FORMAT        Specify format for the diagnostics. FORMAT can be `pretty` (default), `json` or `json-lsp`
        --strict               Eqwalize in strict mode
    eqwalize-all               Eqwalize all modules in a project
        --project              Path to directory with rebar project, or to a JSON file (defaults to `.`)
        --format FORMAT        Specify format for the diagnostics. FORMAT can be `pretty` (default), `json` or `json-lsp`
        --strict               Eqwalize in strict mode
    eqwalize-app <app>         Eqwalize all modules in specified application
        --project              Path to directory with rebar project, or to a JSON file (defaults to `.`)
        --format FORMAT        Specify format for the diagnostics. FORMAT can be `pretty` (default), `json` or `json-lsp`
        --strict               Eqwalize in strict mode

ENV VARS:
    ELP_EQWALIZER_PATH         Path to the eqwalizer executable, otherwise local one is used


