{attribute,{0,0},file,{"fixtures/regular.erl",0}}.

{attribute,{216,232},module,regular}.

{eof,{234,234}}.
